0,1,2,3,4,5
abcdefghij
0
4,5
0,e,1
0,f,2
0,g,3
1,b,4
2,c,5
3,d,5
5,a,5
