0,1,2,3,4
abcdefghijq
0
1
0,a,1
0,e,2
0,f,3
0,g,4
1,a,1
2,b,1
3,c,1
4,d,1
