0,1,2,3,4
ab
0
2,4
0,a,1
0,b,1
1,b,2
2,a,3
2,b,3
3,a,4
